// Jest Snapshot v1, https://goo.gl/fbAQLP

exports[`DashboardTableContainer Component renders correctly 1`] = `
<div>
  <ReactTable
    AggregatedComponent={[Function]}
    ExpanderComponent={[Function]}
    FilterComponent={[Function]}
    LoadingComponent={[Function]}
    NoDataComponent={[Function]}
    PadRowComponent={[Function]}
    PaginationComponent={[Function]}
    PivotValueComponent={[Function]}
    ResizerComponent={[Function]}
    TableComponent={[Function]}
    TbodyComponent={[Function]}
    TdComponent={[Function]}
    TfootComponent={[Function]}
    ThComponent={[Function]}
    TheadComponent={[Function]}
    TrComponent={[Function]}
    TrGroupComponent={[Function]}
    aggregatedKey="_aggregated"
    className="-striped -highlight clickable"
    collapseOnDataChange={true}
    collapseOnPageChange={true}
    collapseOnSortingChange={true}
    column={
      Object {
        "Aggregated": undefined,
        "Cell": undefined,
        "Expander": undefined,
        "Filter": undefined,
        "Footer": undefined,
        "Header": undefined,
        "Pivot": undefined,
        "PivotValue": undefined,
        "aggregate": undefined,
        "className": "",
        "filterAll": false,
        "filterMethod": undefined,
        "filterable": undefined,
        "footerClassName": "",
        "footerStyle": Object {},
        "getFooterProps": [Function],
        "getHeaderProps": [Function],
        "getProps": [Function],
        "headerClassName": "",
        "headerStyle": Object {},
        "minWidth": 100,
        "resizable": undefined,
        "show": true,
        "sortMethod": undefined,
        "sortable": undefined,
        "style": Object {},
      }
    }
    columns={
      Array [
        Object {
          "Header": "Order Id",
          "accessor": "id",
          "className": "test-click",
          "width": 300,
        },
        Object {
          "Cell": [Function],
          "Header": "Customer",
          "accessor": "User",
          "width": 150,
        },
        Object {
          "Header": "Customer Id",
          "accessor": "userId",
          "width": 200,
        },
        Object {
          "Cell": [Function],
          "Header": "Date",
          "accessor": "updatedAt",
          "width": 100,
        },
        Object {
          "Cell": [Function],
          "Header": "Time",
          "accessor": "updatedAt",
          "width": 100,
        },
      ]
    }
    data={
      Array [
        Object {
          "MealsURL": "url",
          "User": Object {
            "email": "asdf",
            "firstName": "first",
            "lastName": "last",
          },
          "id": "order1",
          "updatedAt": "2018-08-24T16:47:55.783Z",
          "userId": "userId",
        },
        Object {
          "MealsURL": "url",
          "User": Object {
            "email": "asdf",
            "firstName": "first",
            "lastName": "last",
          },
          "id": "order2",
          "updatedAt": "2018-08-24T16:47:55.783Z",
          "userId": "userId",
        },
        Object {
          "MealsURL": "url",
          "User": Object {
            "email": "asdf",
            "firstName": "first",
            "lastName": "last",
          },
          "id": "order3",
          "updatedAt": "2018-08-24T16:47:55.783Z",
          "userId": "userId",
        },
      ]
    }
    defaultExpanded={Object {}}
    defaultFilterMethod={[Function]}
    defaultFiltered={Array []}
    defaultPageSize={10}
    defaultResized={Array []}
    defaultSortDesc={false}
    defaultSortMethod={[Function]}
    defaultSorted={Array []}
    expanderDefaults={
      Object {
        "filterable": false,
        "resizable": false,
        "sortable": false,
        "width": 35,
      }
    }
    filterable={false}
    freezeWhenExpanded={false}
    getLoadingProps={[Function]}
    getNoDataProps={[Function]}
    getPaginationProps={[Function]}
    getProps={[Function]}
    getResizerProps={[Function]}
    getTableProps={[Function]}
    getTbodyProps={[Function]}
    getTdProps={[Function]}
    getTfootProps={[Function]}
    getTfootTdProps={[Function]}
    getTfootTrProps={[Function]}
    getTheadFilterProps={[Function]}
    getTheadFilterThProps={[Function]}
    getTheadFilterTrProps={[Function]}
    getTheadGroupProps={[Function]}
    getTheadGroupThProps={[Function]}
    getTheadGroupTrProps={[Function]}
    getTheadProps={[Function]}
    getTheadThProps={[Function]}
    getTheadTrProps={[Function]}
    getTrGroupProps={[Function]}
    getTrProps={[Function]}
    groupedByPivotKey="_groupedByPivot"
    indexKey="_index"
    loading={false}
    loadingText="Loading..."
    manual={true}
    minRows={0}
    multiSort={true}
    nestingLevelKey="_nestingLevel"
    nextText="Next"
    noDataText="No rows found"
    ofText="of"
    onFetchData={[MockFunction]}
    originalKey="_original"
    pageSizeOptions={
      Array [
        5,
        10,
        20,
        25,
        50,
        100,
      ]
    }
    pageText="Page"
    pages={1}
    pivotDefaults={Object {}}
    pivotIDKey="_pivotID"
    pivotValKey="_pivotVal"
    previousText="Previous"
    resizable={true}
    resolveData={[Function]}
    rowsText="rows"
    showPageJump={true}
    showPageSizeOptions={true}
    showPagination={true}
    showPaginationBottom={true}
    showPaginationTop={false}
    sortable={false}
    style={Object {}}
    subRowsKey="_subRows"
  />
</div>
`;
