// Jest Snapshot v1, https://goo.gl/fbAQLP

exports[`MealsTable Component renders correctly 1`] = `
<div
  className="order-meal-modal"
  id="order-meal-modal"
>
  <div
    className="flexbox top"
  >
    <h5
      id="order-details"
    >
      Order Details
    </h5>
    <button
      className="btn title-button"
      id="order-details-close"
      onClick={[MockFunction]}
    >
      ✖
    </button>
  </div>
  <div
    className="flexbox"
  >
    <span>
      Total Charge:
    </span>
    <span>
      ₦
      0
    </span>
  </div>
  <ReactTable
    AggregatedComponent={[Function]}
    ExpanderComponent={[Function]}
    FilterComponent={[Function]}
    LoadingComponent={[Function]}
    NoDataComponent={[Function]}
    PadRowComponent={[Function]}
    PaginationComponent={[Function]}
    PivotValueComponent={[Function]}
    ResizerComponent={[Function]}
    TableComponent={[Function]}
    TbodyComponent={[Function]}
    TdComponent={[Function]}
    TfootComponent={[Function]}
    ThComponent={[Function]}
    TheadComponent={[Function]}
    TrComponent={[Function]}
    TrGroupComponent={[Function]}
    aggregatedKey="_aggregated"
    className=""
    collapseOnDataChange={false}
    collapseOnPageChange={false}
    collapseOnSortingChange={false}
    column={
      Object {
        "Aggregated": undefined,
        "Cell": undefined,
        "Expander": undefined,
        "Filter": undefined,
        "Footer": undefined,
        "Header": undefined,
        "Pivot": undefined,
        "PivotValue": undefined,
        "aggregate": undefined,
        "className": "",
        "filterAll": false,
        "filterMethod": undefined,
        "filterable": undefined,
        "footerClassName": "",
        "footerStyle": Object {},
        "getFooterProps": [Function],
        "getHeaderProps": [Function],
        "getProps": [Function],
        "headerClassName": "",
        "headerStyle": Object {},
        "minWidth": 100,
        "resizable": undefined,
        "show": true,
        "sortMethod": undefined,
        "sortable": undefined,
        "style": Object {},
      }
    }
    columns={
      Array [
        Object {
          "Header": "Meal Title",
          "accessor": "title",
          "width": 275,
        },
        Object {
          "Header": "Quantity",
          "accessor": "MealOrders.quantity",
          "width": 75,
        },
        Object {
          "Header": [Function],
          "accessor": "price",
          "width": 175,
        },
        Object {
          "Header": [Function],
          "accessor": "subTotal",
          "aggregate": [Function],
          "width": 175,
        },
      ]
    }
    data={Array []}
    defaultExpanded={Object {}}
    defaultFilterMethod={[Function]}
    defaultFiltered={Array []}
    defaultPageSize={10}
    defaultResized={Array []}
    defaultSortDesc={false}
    defaultSortMethod={[Function]}
    defaultSorted={Array []}
    expanderDefaults={
      Object {
        "filterable": false,
        "resizable": false,
        "sortable": false,
        "width": 35,
      }
    }
    filterable={false}
    freezeWhenExpanded={false}
    getLoadingProps={[Function]}
    getNoDataProps={[Function]}
    getPaginationProps={[Function]}
    getProps={[Function]}
    getResizerProps={[Function]}
    getTableProps={[Function]}
    getTbodyProps={[Function]}
    getTdProps={[Function]}
    getTfootProps={[Function]}
    getTfootTdProps={[Function]}
    getTfootTrProps={[Function]}
    getTheadFilterProps={[Function]}
    getTheadFilterThProps={[Function]}
    getTheadFilterTrProps={[Function]}
    getTheadGroupProps={[Function]}
    getTheadGroupThProps={[Function]}
    getTheadGroupTrProps={[Function]}
    getTheadProps={[Function]}
    getTheadThProps={[Function]}
    getTheadTrProps={[Function]}
    getTrGroupProps={[Function]}
    getTrProps={[Function]}
    groupedByPivotKey="_groupedByPivot"
    indexKey="_index"
    loading={false}
    loadingText="Loading..."
    manual={true}
    minRows={0}
    multiSort={true}
    nestingLevelKey="_nestingLevel"
    nextText=">>"
    noDataText="No rows found"
    ofText="of"
    onFetchData={[MockFunction]}
    originalKey="_original"
    pageSizeOptions={
      Array [
        5,
        10,
        20,
        25,
        50,
        100,
      ]
    }
    pageText="Page"
    pages={1}
    pivotDefaults={Object {}}
    pivotIDKey="_pivotID"
    pivotValKey="_pivotVal"
    previousText="<<"
    resizable={false}
    resolveData={[Function]}
    rowsText="rows"
    showPageJump={true}
    showPageSizeOptions={true}
    showPagination={true}
    showPaginationBottom={true}
    showPaginationTop={false}
    sortable={false}
    style={Object {}}
    subRowsKey="_subRows"
  />
</div>
`;
