// Jest Snapshot v1, https://goo.gl/fbAQLP

exports[`NotFound Component renders correctly 1`] = `
<div
  className="canvas2"
  id="not-found"
>
  <div
    className="container3"
  >
    <header
      className="header extra"
    >
      <Connect(Nav) />
    </header>
    <div>
      <h3>
         Sorry, the page you are looking for does not exist
      </h3>
      <h4>
         
        <Link
          replace={false}
          to="/"
        >
          Go Home
        </Link>
      </h4>
    </div>
  </div>
</div>
`;
